d:\driver_study\pte-dbg\pte-dbg\x64\debug\vc143.pdb
d:\driver_study\pte-dbg\pte-dbg\x64\debug\ptehook.obj
d:\driver_study\pte-dbg\pte-dbg\x64\debug\pageutils.obj
d:\driver_study\pte-dbg\pte-dbg\x64\debug\inline_hook.obj
d:\driver_study\pte-dbg\pte-dbg\x64\debug\hook_manager.obj
d:\driver_study\pte-dbg\pte-dbg\x64\debug\dbg.obj
d:\driver_study\pte-dbg\pte-dbg\x64\debug\hde64.obj
d:\driver_study\pte-dbg\pte-dbg\x64\debug\hookfunc.obj
d:\driver_study\pte-dbg\pte-dbg\x64\debug\drivermain.obj
d:\driver_study\pte-dbg\pte-dbg\x64\debug\pte-dbg.sys
d:\driver_study\pte-dbg\pte-dbg\x64\debug\pte-dbg.pdb
d:\driver_study\pte-dbg\pte-dbg\x64\debug\pte-dbg.inf
d:\driver_study\pte-dbg\pte-dbg\x64\debug\pte-dbg.cer
d:\driver_study\pte-dbg\pte-dbg\x64\debug\pte-dbg.tlog\cl.command.1.tlog
d:\driver_study\pte-dbg\pte-dbg\x64\debug\pte-dbg.tlog\cl.items.tlog
d:\driver_study\pte-dbg\pte-dbg\x64\debug\pte-dbg.tlog\cl.read.1.tlog
d:\driver_study\pte-dbg\pte-dbg\x64\debug\pte-dbg.tlog\cl.write.1.tlog
d:\driver_study\pte-dbg\pte-dbg\x64\debug\pte-dbg.tlog\link.command.1.tlog
d:\driver_study\pte-dbg\pte-dbg\x64\debug\pte-dbg.tlog\link.read.1.tlog
d:\driver_study\pte-dbg\pte-dbg\x64\debug\pte-dbg.tlog\link.secondary.1.tlog
d:\driver_study\pte-dbg\pte-dbg\x64\debug\pte-dbg.tlog\link.write.1.tlog
d:\driver_study\pte-dbg\pte-dbg\x64\debug\pte-dbg.tlog\signtool.command.1.tlog
d:\driver_study\pte-dbg\pte-dbg\x64\debug\pte-dbg.tlog\signtool.read.1.tlog
d:\driver_study\pte-dbg\pte-dbg\x64\debug\pte-dbg.tlog\signtool.timestamp.1.tlog
d:\driver_study\pte-dbg\pte-dbg\x64\debug\pte-dbg.tlog\signtool.write.1.tlog
d:\driver_study\pte-dbg\pte-dbg\x64\debug\pte-dbg.tlog\stampinf.command.1.tlog
d:\driver_study\pte-dbg\pte-dbg\x64\debug\pte-dbg.tlog\stampinf.read.1.tlog
d:\driver_study\pte-dbg\pte-dbg\x64\debug\pte-dbg.tlog\stampinf.write.1.tlog
