  Building 'pte-dbg' with toolset 'WindowsKernelModeDriver10.0' and the 'Desktop' target platform.
  DriverMain.cpp
D:\Driver_study\pte-dbg\pte-dbg\DbgHook\KernelDbgStruct.h(39,2): warning C4201: 使用了非标准扩展: 无名称的结构/联合
  (编译源文件“driver/DriverMain.cpp”)
  
D:\Driver_study\pte-dbg\pte-dbg\DbgHook\KernelDbgStruct.h(58,2): warning C4201: 使用了非标准扩展: 无名称的结构/联合
  (编译源文件“driver/DriverMain.cpp”)
  
D:\Driver_study\pte-dbg\pte-dbg\DbgHook\KernelDbgStruct.h(72,3): warning C4201: 使用了非标准扩展: 无名称的结构/联合
  (编译源文件“driver/DriverMain.cpp”)
  
D:\Driver_study\pte-dbg\pte-dbg\DbgHook\KernelDbgStruct.h(104,3): warning C4201: 使用了非标准扩展: 无名称的结构/联合
  (编译源文件“driver/DriverMain.cpp”)
  
D:\Driver_study\pte-dbg\pte-dbg\DbgHook\KernelDbgStruct.h(111,4): warning C4201: 使用了非标准扩展: 无名称的结构/联合
  (编译源文件“driver/DriverMain.cpp”)
  
D:\Driver_study\pte-dbg\pte-dbg\DbgHook\KernelDbgStruct.h(116,4): warning C4201: 使用了非标准扩展: 无名称的结构/联合
  (编译源文件“driver/DriverMain.cpp”)
  
D:\Driver_study\pte-dbg\pte-dbg\DbgHook\KernelDbgStruct.h(109,3): warning C4201: 使用了非标准扩展: 无名称的结构/联合
  (编译源文件“driver/DriverMain.cpp”)
  
D:\Driver_study\pte-dbg\pte-dbg\DbgHook\KernelDbgStruct.h(130,3): warning C4201: 使用了非标准扩展: 无名称的结构/联合
  (编译源文件“driver/DriverMain.cpp”)
  
D:\Driver_study\pte-dbg\pte-dbg\DbgHook\KernelDbgStruct.h(142,3): warning C4201: 使用了非标准扩展: 无名称的结构/联合
  (编译源文件“driver/DriverMain.cpp”)
  
D:\Driver_study\pte-dbg\pte-dbg\DbgHook\KernelDbgStruct.h(168,6): warning C4201: 使用了非标准扩展: 无名称的结构/联合
  (编译源文件“driver/DriverMain.cpp”)
  
D:\Driver_study\pte-dbg\pte-dbg\DbgHook\KernelDbgStruct.h(182,9): warning C4201: 使用了非标准扩展: 无名称的结构/联合
  (编译源文件“driver/DriverMain.cpp”)
  
D:\Driver_study\pte-dbg\pte-dbg\DbgHook\KernelDbgStruct.h(176,7): warning C4201: 使用了非标准扩展: 无名称的结构/联合
  (编译源文件“driver/DriverMain.cpp”)
  
D:\Driver_study\pte-dbg\pte-dbg\DbgHook\KernelDbgStruct.h(166,5): warning C4201: 使用了非标准扩展: 无名称的结构/联合
  (编译源文件“driver/DriverMain.cpp”)
  
D:\Driver_study\pte-dbg\pte-dbg\DbgHook\KernelDbgStruct.h(160,3): warning C4201: 使用了非标准扩展: 无名称的结构/联合
  (编译源文件“driver/DriverMain.cpp”)
  
D:\Driver_study\pte-dbg\pte-dbg\DbgHook\KernelDbgStruct.h(195,3): warning C4201: 使用了非标准扩展: 无名称的结构/联合
  (编译源文件“driver/DriverMain.cpp”)
  
D:\Driver_study\pte-dbg\pte-dbg\DbgHook\KernelDbgStruct.h(214,5): warning C4201: 使用了非标准扩展: 无名称的结构/联合
  (编译源文件“driver/DriverMain.cpp”)
  
D:\Driver_study\pte-dbg\pte-dbg\DbgHook\KernelDbgStruct.h(206,3): warning C4201: 使用了非标准扩展: 无名称的结构/联合
  (编译源文件“driver/DriverMain.cpp”)
  
D:\Driver_study\pte-dbg\pte-dbg\DbgHook\KernelDbgStruct.h(224,3): warning C4201: 使用了非标准扩展: 无名称的结构/联合
  (编译源文件“driver/DriverMain.cpp”)
  
D:\Driver_study\pte-dbg\pte-dbg\DbgHook\KernelDbgStruct.h(262,3): warning C4201: 使用了非标准扩展: 无名称的结构/联合
  (编译源文件“driver/DriverMain.cpp”)
  
D:\Driver_study\pte-dbg\pte-dbg\DbgHook\KernelDbgStruct.h(292,3): warning C4201: 使用了非标准扩展: 无名称的结构/联合
  (编译源文件“driver/DriverMain.cpp”)
  
D:\Driver_study\pte-dbg\pte-dbg\DbgHook\KernelDbgStruct.h(322,2): warning C4201: 使用了非标准扩展: 无名称的结构/联合
  (编译源文件“driver/DriverMain.cpp”)
  
D:\Driver_study\pte-dbg\pte-dbg\DbgHook\KernelDbgStruct.h(329,3): warning C4201: 使用了非标准扩展: 无名称的结构/联合
  (编译源文件“driver/DriverMain.cpp”)
  
D:\Driver_study\pte-dbg\pte-dbg\DbgHook\KernelDbgStruct.h(343,3): warning C4201: 使用了非标准扩展: 无名称的结构/联合
  (编译源文件“driver/DriverMain.cpp”)
  
D:\Driver_study\pte-dbg\pte-dbg\DbgHook\KernelDbgStruct.h(364,3): warning C4201: 使用了非标准扩展: 无名称的结构/联合
  (编译源文件“driver/DriverMain.cpp”)
  
D:\Driver_study\pte-dbg\pte-dbg\DbgHook\KernelDbgStruct.h(369,3): warning C4201: 使用了非标准扩展: 无名称的结构/联合
  (编译源文件“driver/DriverMain.cpp”)
  
D:\Driver_study\pte-dbg\pte-dbg\DbgHook\KernelDbgStruct.h(377,3): warning C4201: 使用了非标准扩展: 无名称的结构/联合
  (编译源文件“driver/DriverMain.cpp”)
  
D:\Driver_study\pte-dbg\pte-dbg\DbgHook\KernelDbgStruct.h(387,5): warning C4201: 使用了非标准扩展: 无名称的结构/联合
  (编译源文件“driver/DriverMain.cpp”)
  
D:\Driver_study\pte-dbg\pte-dbg\DbgHook\KernelDbgStruct.h(382,3): warning C4201: 使用了非标准扩展: 无名称的结构/联合
  (编译源文件“driver/DriverMain.cpp”)
  
D:\Driver_study\pte-dbg\pte-dbg\DbgHook\KernelDbgStruct.h(395,3): warning C4201: 使用了非标准扩展: 无名称的结构/联合
  (编译源文件“driver/DriverMain.cpp”)
  
D:\Driver_study\pte-dbg\pte-dbg\DbgHook\KernelDbgStruct.h(400,3): warning C4201: 使用了非标准扩展: 无名称的结构/联合
  (编译源文件“driver/DriverMain.cpp”)
  
D:\Driver_study\pte-dbg\pte-dbg\DbgHook\KernelDbgStruct.h(405,3): warning C4201: 使用了非标准扩展: 无名称的结构/联合
  (编译源文件“driver/DriverMain.cpp”)
  
D:\Driver_study\pte-dbg\pte-dbg\DbgHook\KernelDbgStruct.h(410,3): warning C4201: 使用了非标准扩展: 无名称的结构/联合
  (编译源文件“driver/DriverMain.cpp”)
  
D:\Driver_study\pte-dbg\pte-dbg\DbgHook\KernelDbgStruct.h(420,3): warning C4201: 使用了非标准扩展: 无名称的结构/联合
  (编译源文件“driver/DriverMain.cpp”)
  
D:\Driver_study\pte-dbg\pte-dbg\DbgHook\KernelDbgStruct.h(431,3): warning C4201: 使用了非标准扩展: 无名称的结构/联合
  (编译源文件“driver/DriverMain.cpp”)
  
D:\Driver_study\pte-dbg\pte-dbg\DbgHook\KernelDbgStruct.h(450,5): warning C4201: 使用了非标准扩展: 无名称的结构/联合
  (编译源文件“driver/DriverMain.cpp”)
  
D:\Driver_study\pte-dbg\pte-dbg\DbgHook\KernelDbgStruct.h(442,3): warning C4201: 使用了非标准扩展: 无名称的结构/联合
  (编译源文件“driver/DriverMain.cpp”)
  
D:\Driver_study\pte-dbg\pte-dbg\DbgHook\KernelDbgStruct.h(465,3): warning C4201: 使用了非标准扩展: 无名称的结构/联合
  (编译源文件“driver/DriverMain.cpp”)
  
D:\Driver_study\pte-dbg\pte-dbg\DbgHook\KernelDbgStruct.h(477,3): warning C4201: 使用了非标准扩展: 无名称的结构/联合
  (编译源文件“driver/DriverMain.cpp”)
  
D:\Driver_study\pte-dbg\pte-dbg\DbgHook\KernelDbgStruct.h(489,3): warning C4201: 使用了非标准扩展: 无名称的结构/联合
  (编译源文件“driver/DriverMain.cpp”)
  
D:\Driver_study\pte-dbg\pte-dbg\DbgHook\KernelDbgStruct.h(494,3): warning C4201: 使用了非标准扩展: 无名称的结构/联合
  (编译源文件“driver/DriverMain.cpp”)
  
D:\Driver_study\pte-dbg\pte-dbg\DbgHook\KernelDbgStruct.h(499,3): warning C4201: 使用了非标准扩展: 无名称的结构/联合
  (编译源文件“driver/DriverMain.cpp”)
  
D:\Driver_study\pte-dbg\pte-dbg\DbgHook\KernelDbgStruct.h(504,3): warning C4201: 使用了非标准扩展: 无名称的结构/联合
  (编译源文件“driver/DriverMain.cpp”)
  
D:\Driver_study\pte-dbg\pte-dbg\DbgHook\KernelDbgStruct.h(509,3): warning C4201: 使用了非标准扩展: 无名称的结构/联合
  (编译源文件“driver/DriverMain.cpp”)
  
D:\Driver_study\pte-dbg\pte-dbg\DbgHook\KernelDbgStruct.h(514,3): warning C4201: 使用了非标准扩展: 无名称的结构/联合
  (编译源文件“driver/DriverMain.cpp”)
  
D:\Driver_study\pte-dbg\pte-dbg\DbgHook\KernelDbgStruct.h(545,3): warning C4201: 使用了非标准扩展: 无名称的结构/联合
  (编译源文件“driver/DriverMain.cpp”)
  
D:\Driver_study\pte-dbg\pte-dbg\DbgHook\KernelDbgStruct.h(562,3): warning C4201: 使用了非标准扩展: 无名称的结构/联合
  (编译源文件“driver/DriverMain.cpp”)
  
D:\Driver_study\pte-dbg\pte-dbg\DbgHook\KernelDbgStruct.h(579,3): warning C4201: 使用了非标准扩展: 无名称的结构/联合
  (编译源文件“driver/DriverMain.cpp”)
  
D:\Driver_study\pte-dbg\pte-dbg\DbgHook\KernelDbgStruct.h(602,3): warning C4201: 使用了非标准扩展: 无名称的结构/联合
  (编译源文件“driver/DriverMain.cpp”)
  
D:\Driver_study\pte-dbg\pte-dbg\DbgHook\KernelDbgStruct.h(637,3): warning C4201: 使用了非标准扩展: 无名称的结构/联合
  (编译源文件“driver/DriverMain.cpp”)
  
D:\Driver_study\pte-dbg\pte-dbg\DbgHook\KernelDbgStruct.h(665,3): warning C4201: 使用了非标准扩展: 无名称的结构/联合
  (编译源文件“driver/DriverMain.cpp”)
  
D:\Driver_study\pte-dbg\pte-dbg\DbgHook\KernelDbgStruct.h(686,4): warning C4201: 使用了非标准扩展: 无名称的结构/联合
  (编译源文件“driver/DriverMain.cpp”)
  
D:\Driver_study\pte-dbg\pte-dbg\DbgHook\KernelDbgStruct.h(697,4): warning C4201: 使用了非标准扩展: 无名称的结构/联合
  (编译源文件“driver/DriverMain.cpp”)
  
D:\Driver_study\pte-dbg\pte-dbg\DbgHook\KernelDbgStruct.h(684,3): warning C4201: 使用了非标准扩展: 无名称的结构/联合
  (编译源文件“driver/DriverMain.cpp”)
  
D:\Driver_study\pte-dbg\pte-dbg\DbgHook\KernelDbgStruct.h(903,3): warning C4201: 使用了非标准扩展: 无名称的结构/联合
  (编译源文件“driver/DriverMain.cpp”)
  
D:\Driver_study\pte-dbg\pte-dbg\DbgHook\KernelDbgStruct.h(1048,3): warning C4201: 使用了非标准扩展: 无名称的结构/联合
  (编译源文件“driver/DriverMain.cpp”)
  
D:\Driver_study\pte-dbg\pte-dbg\DbgHook\KernelDbgStruct.h(1058,9): warning C4201: 使用了非标准扩展: 无名称的结构/联合
  (编译源文件“driver/DriverMain.cpp”)
  
D:\Driver_study\pte-dbg\pte-dbg\DbgHook\KernelDbgStruct.h(1120,2): warning C4201: 使用了非标准扩展: 无名称的结构/联合
  (编译源文件“driver/DriverMain.cpp”)
  
D:\Driver_study\pte-dbg\pte-dbg\DbgHook\KernelDbgStruct.h(1142,5): warning C4201: 使用了非标准扩展: 无名称的结构/联合
  (编译源文件“driver/DriverMain.cpp”)
  
D:\Driver_study\pte-dbg\pte-dbg\DbgHook\KernelDbgStruct.h(1134,3): warning C4201: 使用了非标准扩展: 无名称的结构/联合
  (编译源文件“driver/DriverMain.cpp”)
  
D:\Driver_study\pte-dbg\pte-dbg\DbgHook\KernelDbgStruct.h(1150,3): warning C4201: 使用了非标准扩展: 无名称的结构/联合
  (编译源文件“driver/DriverMain.cpp”)
  
D:\Driver_study\pte-dbg\pte-dbg\DbgHook\KernelDbgStruct.h(1307,2): warning C4201: 使用了非标准扩展: 无名称的结构/联合
  (编译源文件“driver/DriverMain.cpp”)
  
D:\Driver_study\pte-dbg\pte-dbg\DbgHook\KernelDbgStruct.h(1316,2): warning C4201: 使用了非标准扩展: 无名称的结构/联合
  (编译源文件“driver/DriverMain.cpp”)
  
D:\Driver_study\pte-dbg\pte-dbg\DbgHook\KernelDbgStruct.h(1324,2): warning C4201: 使用了非标准扩展: 无名称的结构/联合
  (编译源文件“driver/DriverMain.cpp”)
  
D:\Driver_study\pte-dbg\pte-dbg\DbgHook\KernelDbgStruct.h(1379,2): warning C4201: 使用了非标准扩展: 无名称的结构/联合
  (编译源文件“driver/DriverMain.cpp”)
  
D:\Driver_study\pte-dbg\pte-dbg\DbgHook\KernelDbgStruct.h(1396,2): warning C4201: 使用了非标准扩展: 无名称的结构/联合
  (编译源文件“driver/DriverMain.cpp”)
  
D:\Driver_study\pte-dbg\pte-dbg\DbgHook\KernelDbgStruct.h(1422,3): warning C4201: 使用了非标准扩展: 无名称的结构/联合
  (编译源文件“driver/DriverMain.cpp”)
  
D:\Driver_study\pte-dbg\pte-dbg\DbgHook\KernelDbgStruct.h(1471,5): warning C4201: 使用了非标准扩展: 无名称的结构/联合
  (编译源文件“driver/DriverMain.cpp”)
  
D:\Driver_study\pte-dbg\pte-dbg\DbgHook\KernelDbgStruct.h(1494,3): warning C4201: 使用了非标准扩展: 无名称的结构/联合
  (编译源文件“driver/DriverMain.cpp”)
  
D:\Driver_study\pte-dbg\pte-dbg\DbgHook\KernelDbgStruct.h(1512,3): warning C4201: 使用了非标准扩展: 无名称的结构/联合
  (编译源文件“driver/DriverMain.cpp”)
  
D:\Driver_study\pte-dbg\pte-dbg\DbgHook\KernelDbgStruct.h(1541,3): warning C4201: 使用了非标准扩展: 无名称的结构/联合
  (编译源文件“driver/DriverMain.cpp”)
  
D:\Driver_study\pte-dbg\pte-dbg\DbgHook\KernelDbgStruct.h(1564,5): warning C4201: 使用了非标准扩展: 无名称的结构/联合
  (编译源文件“driver/DriverMain.cpp”)
  
D:\Driver_study\pte-dbg\pte-dbg\DbgHook\KernelDbgStruct.h(1554,3): warning C4201: 使用了非标准扩展: 无名称的结构/联合
  (编译源文件“driver/DriverMain.cpp”)
  
D:\Driver_study\pte-dbg\pte-dbg\DbgHook\KernelDbgStruct.h(1717,3): warning C4201: 使用了非标准扩展: 无名称的结构/联合
  (编译源文件“driver/DriverMain.cpp”)
  
D:\Driver_study\pte-dbg\pte-dbg\DbgHook\KernelDbgStruct.h(1917,3): warning C4201: 使用了非标准扩展: 无名称的结构/联合
  (编译源文件“driver/DriverMain.cpp”)
  
D:\Driver_study\pte-dbg\pte-dbg\DbgHook\KernelDbgStruct.h(1990,3): warning C4201: 使用了非标准扩展: 无名称的结构/联合
  (编译源文件“driver/DriverMain.cpp”)
  
D:\Driver_study\pte-dbg\pte-dbg\DbgHook\KernelDbgStruct.h(2264,3): warning C4201: 使用了非标准扩展: 无名称的结构/联合
  (编译源文件“driver/DriverMain.cpp”)
  
D:\Driver_study\pte-dbg\pte-dbg\DbgHook\KernelDbgStruct.h(2282,3): warning C4201: 使用了非标准扩展: 无名称的结构/联合
  (编译源文件“driver/DriverMain.cpp”)
  
D:\Driver_study\pte-dbg\pte-dbg\DbgHook\KernelDbgStruct.h(2367,3): warning C4201: 使用了非标准扩展: 无名称的结构/联合
  (编译源文件“driver/DriverMain.cpp”)
  
D:\Driver_study\pte-dbg\pte-dbg\DbgHook\KernelDbgStruct.h(2392,3): warning C4201: 使用了非标准扩展: 无名称的结构/联合
  (编译源文件“driver/DriverMain.cpp”)
  
D:\Driver_study\pte-dbg\pte-dbg\DbgHook\KernelDbgStruct.h(2475,3): warning C4201: 使用了非标准扩展: 无名称的结构/联合
  (编译源文件“driver/DriverMain.cpp”)
  
D:\Driver_study\pte-dbg\pte-dbg\DbgHook\KernelDbgStruct.h(2497,3): warning C4201: 使用了非标准扩展: 无名称的结构/联合
  (编译源文件“driver/DriverMain.cpp”)
  
D:\Driver_study\pte-dbg\pte-dbg\DbgHook\KernelDbgStruct.h(2634,3): warning C4201: 使用了非标准扩展: 无名称的结构/联合
  (编译源文件“driver/DriverMain.cpp”)
  
D:\Driver_study\pte-dbg\pte-dbg\DbgHook\KernelDbgStruct.h(2669,3): warning C4201: 使用了非标准扩展: 无名称的结构/联合
  (编译源文件“driver/DriverMain.cpp”)
  
D:\Driver_study\pte-dbg\pte-dbg\DbgHook\KernelDbgStruct.h(2793,2): warning C4201: 使用了非标准扩展: 无名称的结构/联合
  (编译源文件“driver/DriverMain.cpp”)
  
D:\Driver_study\pte-dbg\pte-dbg\DbgHook\KernelDbgStruct.h(2802,3): warning C4201: 使用了非标准扩展: 无名称的结构/联合
  (编译源文件“driver/DriverMain.cpp”)
  
D:\Driver_study\pte-dbg\pte-dbg\DbgHook\KernelDbgStruct.h(2855,2): warning C4201: 使用了非标准扩展: 无名称的结构/联合
  (编译源文件“driver/DriverMain.cpp”)
  
D:\Driver_study\pte-dbg\pte-dbg\DbgHook\KernelDbgStruct.h(2865,3): warning C4201: 使用了非标准扩展: 无名称的结构/联合
  (编译源文件“driver/DriverMain.cpp”)
  
D:\Driver_study\pte-dbg\pte-dbg\DbgHook\KernelDbgStruct.h(2870,3): warning C4201: 使用了非标准扩展: 无名称的结构/联合
  (编译源文件“driver/DriverMain.cpp”)
  
D:\Driver_study\pte-dbg\pte-dbg\DbgHook\KernelDbgStruct.h(2897,4): warning C4201: 使用了非标准扩展: 无名称的结构/联合
  (编译源文件“driver/DriverMain.cpp”)
  
D:\Driver_study\pte-dbg\pte-dbg\DbgHook\KernelDbgStruct.h(2939,4): warning C4201: 使用了非标准扩展: 无名称的结构/联合
  (编译源文件“driver/DriverMain.cpp”)
  
D:\Driver_study\pte-dbg\pte-dbg\DbgHook\KernelDbgStruct.h(3017,3): warning C4201: 使用了非标准扩展: 无名称的结构/联合
  (编译源文件“driver/DriverMain.cpp”)
  
D:\Driver_study\pte-dbg\pte-dbg\DbgHook\KernelDbgStruct.h(3139,3): warning C4201: 使用了非标准扩展: 无名称的结构/联合
  (编译源文件“driver/DriverMain.cpp”)
  
D:\Driver_study\pte-dbg\pte-dbg\DbgHook\KernelDbgStruct.h(3180,3): warning C4201: 使用了非标准扩展: 无名称的结构/联合
  (编译源文件“driver/DriverMain.cpp”)
  
D:\Driver_study\pte-dbg\pte-dbg\DbgHook\KernelDbgStruct.h(3408,3): warning C4201: 使用了非标准扩展: 无名称的结构/联合
  (编译源文件“driver/DriverMain.cpp”)
  
D:\Driver_study\pte-dbg\pte-dbg\DbgHook\KernelDbgStruct.h(3446,3): warning C4201: 使用了非标准扩展: 无名称的结构/联合
  (编译源文件“driver/DriverMain.cpp”)
  
D:\Driver_study\pte-dbg\pte-dbg\DbgHook\KernelDbgStruct.h(3479,3): warning C4201: 使用了非标准扩展: 无名称的结构/联合
  (编译源文件“driver/DriverMain.cpp”)
  
D:\Driver_study\pte-dbg\pte-dbg\DbgHook\KernelDbgStruct.h(3790,5): warning C4201: 使用了非标准扩展: 无名称的结构/联合
  (编译源文件“driver/DriverMain.cpp”)
  
D:\Driver_study\pte-dbg\pte-dbg\DbgHook\KernelDbgStruct.h(3877,4): warning C4201: 使用了非标准扩展: 无名称的结构/联合
  (编译源文件“driver/DriverMain.cpp”)
  
D:\Driver_study\pte-dbg\pte-dbg\DbgHook\KernelDbgStruct.h(3922,3): warning C4201: 使用了非标准扩展: 无名称的结构/联合
  (编译源文件“driver/DriverMain.cpp”)
  
  dbg.cpp
D:\Driver_study\pte-dbg\pte-dbg\DbgHook\KernelDbgStruct.h(39,2): warning C4201: 使用了非标准扩展: 无名称的结构/联合
  (编译源文件“DbgHook/dbg.cpp”)
  
D:\Driver_study\pte-dbg\pte-dbg\DbgHook\KernelDbgStruct.h(58,2): warning C4201: 使用了非标准扩展: 无名称的结构/联合
  (编译源文件“DbgHook/dbg.cpp”)
  
D:\Driver_study\pte-dbg\pte-dbg\DbgHook\KernelDbgStruct.h(72,3): warning C4201: 使用了非标准扩展: 无名称的结构/联合
  (编译源文件“DbgHook/dbg.cpp”)
  
D:\Driver_study\pte-dbg\pte-dbg\DbgHook\KernelDbgStruct.h(104,3): warning C4201: 使用了非标准扩展: 无名称的结构/联合
  (编译源文件“DbgHook/dbg.cpp”)
  
D:\Driver_study\pte-dbg\pte-dbg\DbgHook\KernelDbgStruct.h(111,4): warning C4201: 使用了非标准扩展: 无名称的结构/联合
  (编译源文件“DbgHook/dbg.cpp”)
  
D:\Driver_study\pte-dbg\pte-dbg\DbgHook\KernelDbgStruct.h(116,4): warning C4201: 使用了非标准扩展: 无名称的结构/联合
  (编译源文件“DbgHook/dbg.cpp”)
  
D:\Driver_study\pte-dbg\pte-dbg\DbgHook\KernelDbgStruct.h(109,3): warning C4201: 使用了非标准扩展: 无名称的结构/联合
  (编译源文件“DbgHook/dbg.cpp”)
  
D:\Driver_study\pte-dbg\pte-dbg\DbgHook\KernelDbgStruct.h(130,3): warning C4201: 使用了非标准扩展: 无名称的结构/联合
  (编译源文件“DbgHook/dbg.cpp”)
  
D:\Driver_study\pte-dbg\pte-dbg\DbgHook\KernelDbgStruct.h(142,3): warning C4201: 使用了非标准扩展: 无名称的结构/联合
  (编译源文件“DbgHook/dbg.cpp”)
  
D:\Driver_study\pte-dbg\pte-dbg\DbgHook\KernelDbgStruct.h(168,6): warning C4201: 使用了非标准扩展: 无名称的结构/联合
  (编译源文件“DbgHook/dbg.cpp”)
  
D:\Driver_study\pte-dbg\pte-dbg\DbgHook\KernelDbgStruct.h(182,9): warning C4201: 使用了非标准扩展: 无名称的结构/联合
  (编译源文件“DbgHook/dbg.cpp”)
  
D:\Driver_study\pte-dbg\pte-dbg\DbgHook\KernelDbgStruct.h(176,7): warning C4201: 使用了非标准扩展: 无名称的结构/联合
  (编译源文件“DbgHook/dbg.cpp”)
  
D:\Driver_study\pte-dbg\pte-dbg\DbgHook\KernelDbgStruct.h(166,5): warning C4201: 使用了非标准扩展: 无名称的结构/联合
  (编译源文件“DbgHook/dbg.cpp”)
  
D:\Driver_study\pte-dbg\pte-dbg\DbgHook\KernelDbgStruct.h(160,3): warning C4201: 使用了非标准扩展: 无名称的结构/联合
  (编译源文件“DbgHook/dbg.cpp”)
  
D:\Driver_study\pte-dbg\pte-dbg\DbgHook\KernelDbgStruct.h(195,3): warning C4201: 使用了非标准扩展: 无名称的结构/联合
  (编译源文件“DbgHook/dbg.cpp”)
  
D:\Driver_study\pte-dbg\pte-dbg\DbgHook\KernelDbgStruct.h(214,5): warning C4201: 使用了非标准扩展: 无名称的结构/联合
  (编译源文件“DbgHook/dbg.cpp”)
  
D:\Driver_study\pte-dbg\pte-dbg\DbgHook\KernelDbgStruct.h(206,3): warning C4201: 使用了非标准扩展: 无名称的结构/联合
  (编译源文件“DbgHook/dbg.cpp”)
  
D:\Driver_study\pte-dbg\pte-dbg\DbgHook\KernelDbgStruct.h(224,3): warning C4201: 使用了非标准扩展: 无名称的结构/联合
  (编译源文件“DbgHook/dbg.cpp”)
  
D:\Driver_study\pte-dbg\pte-dbg\DbgHook\KernelDbgStruct.h(262,3): warning C4201: 使用了非标准扩展: 无名称的结构/联合
  (编译源文件“DbgHook/dbg.cpp”)
  
D:\Driver_study\pte-dbg\pte-dbg\DbgHook\KernelDbgStruct.h(292,3): warning C4201: 使用了非标准扩展: 无名称的结构/联合
  (编译源文件“DbgHook/dbg.cpp”)
  
D:\Driver_study\pte-dbg\pte-dbg\DbgHook\KernelDbgStruct.h(322,2): warning C4201: 使用了非标准扩展: 无名称的结构/联合
  (编译源文件“DbgHook/dbg.cpp”)
  
D:\Driver_study\pte-dbg\pte-dbg\DbgHook\KernelDbgStruct.h(329,3): warning C4201: 使用了非标准扩展: 无名称的结构/联合
  (编译源文件“DbgHook/dbg.cpp”)
  
D:\Driver_study\pte-dbg\pte-dbg\DbgHook\KernelDbgStruct.h(343,3): warning C4201: 使用了非标准扩展: 无名称的结构/联合
  (编译源文件“DbgHook/dbg.cpp”)
  
D:\Driver_study\pte-dbg\pte-dbg\DbgHook\KernelDbgStruct.h(364,3): warning C4201: 使用了非标准扩展: 无名称的结构/联合
  (编译源文件“DbgHook/dbg.cpp”)
  
D:\Driver_study\pte-dbg\pte-dbg\DbgHook\KernelDbgStruct.h(369,3): warning C4201: 使用了非标准扩展: 无名称的结构/联合
  (编译源文件“DbgHook/dbg.cpp”)
  
D:\Driver_study\pte-dbg\pte-dbg\DbgHook\KernelDbgStruct.h(377,3): warning C4201: 使用了非标准扩展: 无名称的结构/联合
  (编译源文件“DbgHook/dbg.cpp”)
  
D:\Driver_study\pte-dbg\pte-dbg\DbgHook\KernelDbgStruct.h(387,5): warning C4201: 使用了非标准扩展: 无名称的结构/联合
  (编译源文件“DbgHook/dbg.cpp”)
  
D:\Driver_study\pte-dbg\pte-dbg\DbgHook\KernelDbgStruct.h(382,3): warning C4201: 使用了非标准扩展: 无名称的结构/联合
  (编译源文件“DbgHook/dbg.cpp”)
  
D:\Driver_study\pte-dbg\pte-dbg\DbgHook\KernelDbgStruct.h(395,3): warning C4201: 使用了非标准扩展: 无名称的结构/联合
  (编译源文件“DbgHook/dbg.cpp”)
  
D:\Driver_study\pte-dbg\pte-dbg\DbgHook\KernelDbgStruct.h(400,3): warning C4201: 使用了非标准扩展: 无名称的结构/联合
  (编译源文件“DbgHook/dbg.cpp”)
  
D:\Driver_study\pte-dbg\pte-dbg\DbgHook\KernelDbgStruct.h(405,3): warning C4201: 使用了非标准扩展: 无名称的结构/联合
  (编译源文件“DbgHook/dbg.cpp”)
  
D:\Driver_study\pte-dbg\pte-dbg\DbgHook\KernelDbgStruct.h(410,3): warning C4201: 使用了非标准扩展: 无名称的结构/联合
  (编译源文件“DbgHook/dbg.cpp”)
  
D:\Driver_study\pte-dbg\pte-dbg\DbgHook\KernelDbgStruct.h(420,3): warning C4201: 使用了非标准扩展: 无名称的结构/联合
  (编译源文件“DbgHook/dbg.cpp”)
  
D:\Driver_study\pte-dbg\pte-dbg\DbgHook\KernelDbgStruct.h(431,3): warning C4201: 使用了非标准扩展: 无名称的结构/联合
  (编译源文件“DbgHook/dbg.cpp”)
  
D:\Driver_study\pte-dbg\pte-dbg\DbgHook\KernelDbgStruct.h(450,5): warning C4201: 使用了非标准扩展: 无名称的结构/联合
  (编译源文件“DbgHook/dbg.cpp”)
  
D:\Driver_study\pte-dbg\pte-dbg\DbgHook\KernelDbgStruct.h(442,3): warning C4201: 使用了非标准扩展: 无名称的结构/联合
  (编译源文件“DbgHook/dbg.cpp”)
  
D:\Driver_study\pte-dbg\pte-dbg\DbgHook\KernelDbgStruct.h(465,3): warning C4201: 使用了非标准扩展: 无名称的结构/联合
  (编译源文件“DbgHook/dbg.cpp”)
  
D:\Driver_study\pte-dbg\pte-dbg\DbgHook\KernelDbgStruct.h(477,3): warning C4201: 使用了非标准扩展: 无名称的结构/联合
  (编译源文件“DbgHook/dbg.cpp”)
  
D:\Driver_study\pte-dbg\pte-dbg\DbgHook\KernelDbgStruct.h(489,3): warning C4201: 使用了非标准扩展: 无名称的结构/联合
  (编译源文件“DbgHook/dbg.cpp”)
  
D:\Driver_study\pte-dbg\pte-dbg\DbgHook\KernelDbgStruct.h(494,3): warning C4201: 使用了非标准扩展: 无名称的结构/联合
  (编译源文件“DbgHook/dbg.cpp”)
  
D:\Driver_study\pte-dbg\pte-dbg\DbgHook\KernelDbgStruct.h(499,3): warning C4201: 使用了非标准扩展: 无名称的结构/联合
  (编译源文件“DbgHook/dbg.cpp”)
  
D:\Driver_study\pte-dbg\pte-dbg\DbgHook\KernelDbgStruct.h(504,3): warning C4201: 使用了非标准扩展: 无名称的结构/联合
  (编译源文件“DbgHook/dbg.cpp”)
  
D:\Driver_study\pte-dbg\pte-dbg\DbgHook\KernelDbgStruct.h(509,3): warning C4201: 使用了非标准扩展: 无名称的结构/联合
  (编译源文件“DbgHook/dbg.cpp”)
  
D:\Driver_study\pte-dbg\pte-dbg\DbgHook\KernelDbgStruct.h(514,3): warning C4201: 使用了非标准扩展: 无名称的结构/联合
  (编译源文件“DbgHook/dbg.cpp”)
  
D:\Driver_study\pte-dbg\pte-dbg\DbgHook\KernelDbgStruct.h(545,3): warning C4201: 使用了非标准扩展: 无名称的结构/联合
  (编译源文件“DbgHook/dbg.cpp”)
  
D:\Driver_study\pte-dbg\pte-dbg\DbgHook\KernelDbgStruct.h(562,3): warning C4201: 使用了非标准扩展: 无名称的结构/联合
  (编译源文件“DbgHook/dbg.cpp”)
  
D:\Driver_study\pte-dbg\pte-dbg\DbgHook\KernelDbgStruct.h(579,3): warning C4201: 使用了非标准扩展: 无名称的结构/联合
  (编译源文件“DbgHook/dbg.cpp”)
  
D:\Driver_study\pte-dbg\pte-dbg\DbgHook\KernelDbgStruct.h(602,3): warning C4201: 使用了非标准扩展: 无名称的结构/联合
  (编译源文件“DbgHook/dbg.cpp”)
  
D:\Driver_study\pte-dbg\pte-dbg\DbgHook\KernelDbgStruct.h(637,3): warning C4201: 使用了非标准扩展: 无名称的结构/联合
  (编译源文件“DbgHook/dbg.cpp”)
  
D:\Driver_study\pte-dbg\pte-dbg\DbgHook\KernelDbgStruct.h(665,3): warning C4201: 使用了非标准扩展: 无名称的结构/联合
  (编译源文件“DbgHook/dbg.cpp”)
  
D:\Driver_study\pte-dbg\pte-dbg\DbgHook\KernelDbgStruct.h(686,4): warning C4201: 使用了非标准扩展: 无名称的结构/联合
  (编译源文件“DbgHook/dbg.cpp”)
  
D:\Driver_study\pte-dbg\pte-dbg\DbgHook\KernelDbgStruct.h(697,4): warning C4201: 使用了非标准扩展: 无名称的结构/联合
  (编译源文件“DbgHook/dbg.cpp”)
  
D:\Driver_study\pte-dbg\pte-dbg\DbgHook\KernelDbgStruct.h(684,3): warning C4201: 使用了非标准扩展: 无名称的结构/联合
  (编译源文件“DbgHook/dbg.cpp”)
  
D:\Driver_study\pte-dbg\pte-dbg\DbgHook\KernelDbgStruct.h(903,3): warning C4201: 使用了非标准扩展: 无名称的结构/联合
  (编译源文件“DbgHook/dbg.cpp”)
  
D:\Driver_study\pte-dbg\pte-dbg\DbgHook\KernelDbgStruct.h(1048,3): warning C4201: 使用了非标准扩展: 无名称的结构/联合
  (编译源文件“DbgHook/dbg.cpp”)
  
D:\Driver_study\pte-dbg\pte-dbg\DbgHook\KernelDbgStruct.h(1058,9): warning C4201: 使用了非标准扩展: 无名称的结构/联合
  (编译源文件“DbgHook/dbg.cpp”)
  
D:\Driver_study\pte-dbg\pte-dbg\DbgHook\KernelDbgStruct.h(1120,2): warning C4201: 使用了非标准扩展: 无名称的结构/联合
  (编译源文件“DbgHook/dbg.cpp”)
  
D:\Driver_study\pte-dbg\pte-dbg\DbgHook\KernelDbgStruct.h(1142,5): warning C4201: 使用了非标准扩展: 无名称的结构/联合
  (编译源文件“DbgHook/dbg.cpp”)
  
D:\Driver_study\pte-dbg\pte-dbg\DbgHook\KernelDbgStruct.h(1134,3): warning C4201: 使用了非标准扩展: 无名称的结构/联合
  (编译源文件“DbgHook/dbg.cpp”)
  
D:\Driver_study\pte-dbg\pte-dbg\DbgHook\KernelDbgStruct.h(1150,3): warning C4201: 使用了非标准扩展: 无名称的结构/联合
  (编译源文件“DbgHook/dbg.cpp”)
  
D:\Driver_study\pte-dbg\pte-dbg\DbgHook\KernelDbgStruct.h(1307,2): warning C4201: 使用了非标准扩展: 无名称的结构/联合
  (编译源文件“DbgHook/dbg.cpp”)
  
D:\Driver_study\pte-dbg\pte-dbg\DbgHook\KernelDbgStruct.h(1316,2): warning C4201: 使用了非标准扩展: 无名称的结构/联合
  (编译源文件“DbgHook/dbg.cpp”)
  
D:\Driver_study\pte-dbg\pte-dbg\DbgHook\KernelDbgStruct.h(1324,2): warning C4201: 使用了非标准扩展: 无名称的结构/联合
  (编译源文件“DbgHook/dbg.cpp”)
  
D:\Driver_study\pte-dbg\pte-dbg\DbgHook\KernelDbgStruct.h(1379,2): warning C4201: 使用了非标准扩展: 无名称的结构/联合
  (编译源文件“DbgHook/dbg.cpp”)
  
D:\Driver_study\pte-dbg\pte-dbg\DbgHook\KernelDbgStruct.h(1396,2): warning C4201: 使用了非标准扩展: 无名称的结构/联合
  (编译源文件“DbgHook/dbg.cpp”)
  
D:\Driver_study\pte-dbg\pte-dbg\DbgHook\KernelDbgStruct.h(1422,3): warning C4201: 使用了非标准扩展: 无名称的结构/联合
  (编译源文件“DbgHook/dbg.cpp”)
  
D:\Driver_study\pte-dbg\pte-dbg\DbgHook\KernelDbgStruct.h(1471,5): warning C4201: 使用了非标准扩展: 无名称的结构/联合
  (编译源文件“DbgHook/dbg.cpp”)
  
D:\Driver_study\pte-dbg\pte-dbg\DbgHook\KernelDbgStruct.h(1494,3): warning C4201: 使用了非标准扩展: 无名称的结构/联合
  (编译源文件“DbgHook/dbg.cpp”)
  
D:\Driver_study\pte-dbg\pte-dbg\DbgHook\KernelDbgStruct.h(1512,3): warning C4201: 使用了非标准扩展: 无名称的结构/联合
  (编译源文件“DbgHook/dbg.cpp”)
  
D:\Driver_study\pte-dbg\pte-dbg\DbgHook\KernelDbgStruct.h(1541,3): warning C4201: 使用了非标准扩展: 无名称的结构/联合
  (编译源文件“DbgHook/dbg.cpp”)
  
D:\Driver_study\pte-dbg\pte-dbg\DbgHook\KernelDbgStruct.h(1564,5): warning C4201: 使用了非标准扩展: 无名称的结构/联合
  (编译源文件“DbgHook/dbg.cpp”)
  
D:\Driver_study\pte-dbg\pte-dbg\DbgHook\KernelDbgStruct.h(1554,3): warning C4201: 使用了非标准扩展: 无名称的结构/联合
  (编译源文件“DbgHook/dbg.cpp”)
  
D:\Driver_study\pte-dbg\pte-dbg\DbgHook\KernelDbgStruct.h(1717,3): warning C4201: 使用了非标准扩展: 无名称的结构/联合
  (编译源文件“DbgHook/dbg.cpp”)
  
D:\Driver_study\pte-dbg\pte-dbg\DbgHook\KernelDbgStruct.h(1917,3): warning C4201: 使用了非标准扩展: 无名称的结构/联合
  (编译源文件“DbgHook/dbg.cpp”)
  
D:\Driver_study\pte-dbg\pte-dbg\DbgHook\KernelDbgStruct.h(1990,3): warning C4201: 使用了非标准扩展: 无名称的结构/联合
  (编译源文件“DbgHook/dbg.cpp”)
  
D:\Driver_study\pte-dbg\pte-dbg\DbgHook\KernelDbgStruct.h(2264,3): warning C4201: 使用了非标准扩展: 无名称的结构/联合
  (编译源文件“DbgHook/dbg.cpp”)
  
D:\Driver_study\pte-dbg\pte-dbg\DbgHook\KernelDbgStruct.h(2282,3): warning C4201: 使用了非标准扩展: 无名称的结构/联合
  (编译源文件“DbgHook/dbg.cpp”)
  
D:\Driver_study\pte-dbg\pte-dbg\DbgHook\KernelDbgStruct.h(2367,3): warning C4201: 使用了非标准扩展: 无名称的结构/联合
  (编译源文件“DbgHook/dbg.cpp”)
  
D:\Driver_study\pte-dbg\pte-dbg\DbgHook\KernelDbgStruct.h(2392,3): warning C4201: 使用了非标准扩展: 无名称的结构/联合
  (编译源文件“DbgHook/dbg.cpp”)
  
D:\Driver_study\pte-dbg\pte-dbg\DbgHook\KernelDbgStruct.h(2475,3): warning C4201: 使用了非标准扩展: 无名称的结构/联合
  (编译源文件“DbgHook/dbg.cpp”)
  
D:\Driver_study\pte-dbg\pte-dbg\DbgHook\KernelDbgStruct.h(2497,3): warning C4201: 使用了非标准扩展: 无名称的结构/联合
  (编译源文件“DbgHook/dbg.cpp”)
  
D:\Driver_study\pte-dbg\pte-dbg\DbgHook\KernelDbgStruct.h(2634,3): warning C4201: 使用了非标准扩展: 无名称的结构/联合
  (编译源文件“DbgHook/dbg.cpp”)
  
D:\Driver_study\pte-dbg\pte-dbg\DbgHook\KernelDbgStruct.h(2669,3): warning C4201: 使用了非标准扩展: 无名称的结构/联合
  (编译源文件“DbgHook/dbg.cpp”)
  
D:\Driver_study\pte-dbg\pte-dbg\DbgHook\KernelDbgStruct.h(2793,2): warning C4201: 使用了非标准扩展: 无名称的结构/联合
  (编译源文件“DbgHook/dbg.cpp”)
  
D:\Driver_study\pte-dbg\pte-dbg\DbgHook\KernelDbgStruct.h(2802,3): warning C4201: 使用了非标准扩展: 无名称的结构/联合
  (编译源文件“DbgHook/dbg.cpp”)
  
D:\Driver_study\pte-dbg\pte-dbg\DbgHook\KernelDbgStruct.h(2855,2): warning C4201: 使用了非标准扩展: 无名称的结构/联合
  (编译源文件“DbgHook/dbg.cpp”)
  
D:\Driver_study\pte-dbg\pte-dbg\DbgHook\KernelDbgStruct.h(2865,3): warning C4201: 使用了非标准扩展: 无名称的结构/联合
  (编译源文件“DbgHook/dbg.cpp”)
  
D:\Driver_study\pte-dbg\pte-dbg\DbgHook\KernelDbgStruct.h(2870,3): warning C4201: 使用了非标准扩展: 无名称的结构/联合
  (编译源文件“DbgHook/dbg.cpp”)
  
D:\Driver_study\pte-dbg\pte-dbg\DbgHook\KernelDbgStruct.h(2897,4): warning C4201: 使用了非标准扩展: 无名称的结构/联合
  (编译源文件“DbgHook/dbg.cpp”)
  
D:\Driver_study\pte-dbg\pte-dbg\DbgHook\KernelDbgStruct.h(2939,4): warning C4201: 使用了非标准扩展: 无名称的结构/联合
  (编译源文件“DbgHook/dbg.cpp”)
  
D:\Driver_study\pte-dbg\pte-dbg\DbgHook\KernelDbgStruct.h(3017,3): warning C4201: 使用了非标准扩展: 无名称的结构/联合
  (编译源文件“DbgHook/dbg.cpp”)
  
D:\Driver_study\pte-dbg\pte-dbg\DbgHook\KernelDbgStruct.h(3139,3): warning C4201: 使用了非标准扩展: 无名称的结构/联合
  (编译源文件“DbgHook/dbg.cpp”)
  
D:\Driver_study\pte-dbg\pte-dbg\DbgHook\KernelDbgStruct.h(3180,3): warning C4201: 使用了非标准扩展: 无名称的结构/联合
  (编译源文件“DbgHook/dbg.cpp”)
  
D:\Driver_study\pte-dbg\pte-dbg\DbgHook\KernelDbgStruct.h(3408,3): warning C4201: 使用了非标准扩展: 无名称的结构/联合
  (编译源文件“DbgHook/dbg.cpp”)
  
D:\Driver_study\pte-dbg\pte-dbg\DbgHook\KernelDbgStruct.h(3446,3): warning C4201: 使用了非标准扩展: 无名称的结构/联合
  (编译源文件“DbgHook/dbg.cpp”)
  
D:\Driver_study\pte-dbg\pte-dbg\DbgHook\KernelDbgStruct.h(3479,3): warning C4201: 使用了非标准扩展: 无名称的结构/联合
  (编译源文件“DbgHook/dbg.cpp”)
  
D:\Driver_study\pte-dbg\pte-dbg\DbgHook\KernelDbgStruct.h(3790,5): warning C4201: 使用了非标准扩展: 无名称的结构/联合
  (编译源文件“DbgHook/dbg.cpp”)
  
D:\Driver_study\pte-dbg\pte-dbg\DbgHook\KernelDbgStruct.h(3877,4): warning C4201: 使用了非标准扩展: 无名称的结构/联合
  (编译源文件“DbgHook/dbg.cpp”)
  
D:\Driver_study\pte-dbg\pte-dbg\DbgHook\KernelDbgStruct.h(3922,3): warning C4201: 使用了非标准扩展: 无名称的结构/联合
  (编译源文件“DbgHook/dbg.cpp”)
  
D:\Driver_study\pte-dbg\pte-dbg\DbgHook\dbg.cpp(124,25): warning C4996: 'ExAllocatePoolWithTag': ExAllocatePoolWithTag is deprecated, use ExAllocatePool2.
D:\Driver_study\pte-dbg\pte-dbg\DbgHook\dbg.cpp(181,33): warning C4996: 'ExAllocatePoolWithTag': ExAllocatePoolWithTag is deprecated, use ExAllocatePool2.
D:\Driver_study\pte-dbg\pte-dbg\DbgHook\dbg.cpp(353,42): warning C4996: 'ExAllocatePoolWithTag': ExAllocatePoolWithTag is deprecated, use ExAllocatePool2.
  HookFunc.cpp
D:\Driver_study\pte-dbg\pte-dbg\DbgHook\KernelDbgStruct.h(39,2): warning C4201: 使用了非标准扩展: 无名称的结构/联合
  (编译源文件“DbgHook/HookFunc.cpp”)
  
D:\Driver_study\pte-dbg\pte-dbg\DbgHook\KernelDbgStruct.h(58,2): warning C4201: 使用了非标准扩展: 无名称的结构/联合
  (编译源文件“DbgHook/HookFunc.cpp”)
  
D:\Driver_study\pte-dbg\pte-dbg\DbgHook\KernelDbgStruct.h(72,3): warning C4201: 使用了非标准扩展: 无名称的结构/联合
  (编译源文件“DbgHook/HookFunc.cpp”)
  
D:\Driver_study\pte-dbg\pte-dbg\DbgHook\KernelDbgStruct.h(104,3): warning C4201: 使用了非标准扩展: 无名称的结构/联合
  (编译源文件“DbgHook/HookFunc.cpp”)
  
D:\Driver_study\pte-dbg\pte-dbg\DbgHook\KernelDbgStruct.h(111,4): warning C4201: 使用了非标准扩展: 无名称的结构/联合
  (编译源文件“DbgHook/HookFunc.cpp”)
  
D:\Driver_study\pte-dbg\pte-dbg\DbgHook\KernelDbgStruct.h(116,4): warning C4201: 使用了非标准扩展: 无名称的结构/联合
  (编译源文件“DbgHook/HookFunc.cpp”)
  
D:\Driver_study\pte-dbg\pte-dbg\DbgHook\KernelDbgStruct.h(109,3): warning C4201: 使用了非标准扩展: 无名称的结构/联合
  (编译源文件“DbgHook/HookFunc.cpp”)
  
D:\Driver_study\pte-dbg\pte-dbg\DbgHook\KernelDbgStruct.h(130,3): warning C4201: 使用了非标准扩展: 无名称的结构/联合
  (编译源文件“DbgHook/HookFunc.cpp”)
  
D:\Driver_study\pte-dbg\pte-dbg\DbgHook\KernelDbgStruct.h(142,3): warning C4201: 使用了非标准扩展: 无名称的结构/联合
  (编译源文件“DbgHook/HookFunc.cpp”)
  
D:\Driver_study\pte-dbg\pte-dbg\DbgHook\KernelDbgStruct.h(168,6): warning C4201: 使用了非标准扩展: 无名称的结构/联合
  (编译源文件“DbgHook/HookFunc.cpp”)
  
D:\Driver_study\pte-dbg\pte-dbg\DbgHook\KernelDbgStruct.h(182,9): warning C4201: 使用了非标准扩展: 无名称的结构/联合
  (编译源文件“DbgHook/HookFunc.cpp”)
  
D:\Driver_study\pte-dbg\pte-dbg\DbgHook\KernelDbgStruct.h(176,7): warning C4201: 使用了非标准扩展: 无名称的结构/联合
  (编译源文件“DbgHook/HookFunc.cpp”)
  
D:\Driver_study\pte-dbg\pte-dbg\DbgHook\KernelDbgStruct.h(166,5): warning C4201: 使用了非标准扩展: 无名称的结构/联合
  (编译源文件“DbgHook/HookFunc.cpp”)
  
D:\Driver_study\pte-dbg\pte-dbg\DbgHook\KernelDbgStruct.h(160,3): warning C4201: 使用了非标准扩展: 无名称的结构/联合
  (编译源文件“DbgHook/HookFunc.cpp”)
  
D:\Driver_study\pte-dbg\pte-dbg\DbgHook\KernelDbgStruct.h(195,3): warning C4201: 使用了非标准扩展: 无名称的结构/联合
  (编译源文件“DbgHook/HookFunc.cpp”)
  
D:\Driver_study\pte-dbg\pte-dbg\DbgHook\KernelDbgStruct.h(214,5): warning C4201: 使用了非标准扩展: 无名称的结构/联合
  (编译源文件“DbgHook/HookFunc.cpp”)
  
D:\Driver_study\pte-dbg\pte-dbg\DbgHook\KernelDbgStruct.h(206,3): warning C4201: 使用了非标准扩展: 无名称的结构/联合
  (编译源文件“DbgHook/HookFunc.cpp”)
  
D:\Driver_study\pte-dbg\pte-dbg\DbgHook\KernelDbgStruct.h(224,3): warning C4201: 使用了非标准扩展: 无名称的结构/联合
  (编译源文件“DbgHook/HookFunc.cpp”)
  
D:\Driver_study\pte-dbg\pte-dbg\DbgHook\KernelDbgStruct.h(262,3): warning C4201: 使用了非标准扩展: 无名称的结构/联合
  (编译源文件“DbgHook/HookFunc.cpp”)
  
D:\Driver_study\pte-dbg\pte-dbg\DbgHook\KernelDbgStruct.h(292,3): warning C4201: 使用了非标准扩展: 无名称的结构/联合
  (编译源文件“DbgHook/HookFunc.cpp”)
  
D:\Driver_study\pte-dbg\pte-dbg\DbgHook\KernelDbgStruct.h(322,2): warning C4201: 使用了非标准扩展: 无名称的结构/联合
  (编译源文件“DbgHook/HookFunc.cpp”)
  
D:\Driver_study\pte-dbg\pte-dbg\DbgHook\KernelDbgStruct.h(329,3): warning C4201: 使用了非标准扩展: 无名称的结构/联合
  (编译源文件“DbgHook/HookFunc.cpp”)
  
D:\Driver_study\pte-dbg\pte-dbg\DbgHook\KernelDbgStruct.h(343,3): warning C4201: 使用了非标准扩展: 无名称的结构/联合
  (编译源文件“DbgHook/HookFunc.cpp”)
  
D:\Driver_study\pte-dbg\pte-dbg\DbgHook\KernelDbgStruct.h(364,3): warning C4201: 使用了非标准扩展: 无名称的结构/联合
  (编译源文件“DbgHook/HookFunc.cpp”)
  
D:\Driver_study\pte-dbg\pte-dbg\DbgHook\KernelDbgStruct.h(369,3): warning C4201: 使用了非标准扩展: 无名称的结构/联合
  (编译源文件“DbgHook/HookFunc.cpp”)
  
D:\Driver_study\pte-dbg\pte-dbg\DbgHook\KernelDbgStruct.h(377,3): warning C4201: 使用了非标准扩展: 无名称的结构/联合
  (编译源文件“DbgHook/HookFunc.cpp”)
  
D:\Driver_study\pte-dbg\pte-dbg\DbgHook\KernelDbgStruct.h(387,5): warning C4201: 使用了非标准扩展: 无名称的结构/联合
  (编译源文件“DbgHook/HookFunc.cpp”)
  
D:\Driver_study\pte-dbg\pte-dbg\DbgHook\KernelDbgStruct.h(382,3): warning C4201: 使用了非标准扩展: 无名称的结构/联合
  (编译源文件“DbgHook/HookFunc.cpp”)
  
D:\Driver_study\pte-dbg\pte-dbg\DbgHook\KernelDbgStruct.h(395,3): warning C4201: 使用了非标准扩展: 无名称的结构/联合
  (编译源文件“DbgHook/HookFunc.cpp”)
  
D:\Driver_study\pte-dbg\pte-dbg\DbgHook\KernelDbgStruct.h(400,3): warning C4201: 使用了非标准扩展: 无名称的结构/联合
  (编译源文件“DbgHook/HookFunc.cpp”)
  
D:\Driver_study\pte-dbg\pte-dbg\DbgHook\KernelDbgStruct.h(405,3): warning C4201: 使用了非标准扩展: 无名称的结构/联合
  (编译源文件“DbgHook/HookFunc.cpp”)
  
D:\Driver_study\pte-dbg\pte-dbg\DbgHook\KernelDbgStruct.h(410,3): warning C4201: 使用了非标准扩展: 无名称的结构/联合
  (编译源文件“DbgHook/HookFunc.cpp”)
  
D:\Driver_study\pte-dbg\pte-dbg\DbgHook\KernelDbgStruct.h(420,3): warning C4201: 使用了非标准扩展: 无名称的结构/联合
  (编译源文件“DbgHook/HookFunc.cpp”)
  
D:\Driver_study\pte-dbg\pte-dbg\DbgHook\KernelDbgStruct.h(431,3): warning C4201: 使用了非标准扩展: 无名称的结构/联合
  (编译源文件“DbgHook/HookFunc.cpp”)
  
D:\Driver_study\pte-dbg\pte-dbg\DbgHook\KernelDbgStruct.h(450,5): warning C4201: 使用了非标准扩展: 无名称的结构/联合
  (编译源文件“DbgHook/HookFunc.cpp”)
  
D:\Driver_study\pte-dbg\pte-dbg\DbgHook\KernelDbgStruct.h(442,3): warning C4201: 使用了非标准扩展: 无名称的结构/联合
  (编译源文件“DbgHook/HookFunc.cpp”)
  
D:\Driver_study\pte-dbg\pte-dbg\DbgHook\KernelDbgStruct.h(465,3): warning C4201: 使用了非标准扩展: 无名称的结构/联合
  (编译源文件“DbgHook/HookFunc.cpp”)
  
D:\Driver_study\pte-dbg\pte-dbg\DbgHook\KernelDbgStruct.h(477,3): warning C4201: 使用了非标准扩展: 无名称的结构/联合
  (编译源文件“DbgHook/HookFunc.cpp”)
  
D:\Driver_study\pte-dbg\pte-dbg\DbgHook\KernelDbgStruct.h(489,3): warning C4201: 使用了非标准扩展: 无名称的结构/联合
  (编译源文件“DbgHook/HookFunc.cpp”)
  
D:\Driver_study\pte-dbg\pte-dbg\DbgHook\KernelDbgStruct.h(494,3): warning C4201: 使用了非标准扩展: 无名称的结构/联合
  (编译源文件“DbgHook/HookFunc.cpp”)
  
D:\Driver_study\pte-dbg\pte-dbg\DbgHook\KernelDbgStruct.h(499,3): warning C4201: 使用了非标准扩展: 无名称的结构/联合
  (编译源文件“DbgHook/HookFunc.cpp”)
  
D:\Driver_study\pte-dbg\pte-dbg\DbgHook\KernelDbgStruct.h(504,3): warning C4201: 使用了非标准扩展: 无名称的结构/联合
  (编译源文件“DbgHook/HookFunc.cpp”)
  
D:\Driver_study\pte-dbg\pte-dbg\DbgHook\KernelDbgStruct.h(509,3): warning C4201: 使用了非标准扩展: 无名称的结构/联合
  (编译源文件“DbgHook/HookFunc.cpp”)
  
D:\Driver_study\pte-dbg\pte-dbg\DbgHook\KernelDbgStruct.h(514,3): warning C4201: 使用了非标准扩展: 无名称的结构/联合
  (编译源文件“DbgHook/HookFunc.cpp”)
  
D:\Driver_study\pte-dbg\pte-dbg\DbgHook\KernelDbgStruct.h(545,3): warning C4201: 使用了非标准扩展: 无名称的结构/联合
  (编译源文件“DbgHook/HookFunc.cpp”)
  
D:\Driver_study\pte-dbg\pte-dbg\DbgHook\KernelDbgStruct.h(562,3): warning C4201: 使用了非标准扩展: 无名称的结构/联合
  (编译源文件“DbgHook/HookFunc.cpp”)
  
D:\Driver_study\pte-dbg\pte-dbg\DbgHook\KernelDbgStruct.h(579,3): warning C4201: 使用了非标准扩展: 无名称的结构/联合
  (编译源文件“DbgHook/HookFunc.cpp”)
  
D:\Driver_study\pte-dbg\pte-dbg\DbgHook\KernelDbgStruct.h(602,3): warning C4201: 使用了非标准扩展: 无名称的结构/联合
  (编译源文件“DbgHook/HookFunc.cpp”)
  
D:\Driver_study\pte-dbg\pte-dbg\DbgHook\KernelDbgStruct.h(637,3): warning C4201: 使用了非标准扩展: 无名称的结构/联合
  (编译源文件“DbgHook/HookFunc.cpp”)
  
D:\Driver_study\pte-dbg\pte-dbg\DbgHook\KernelDbgStruct.h(665,3): warning C4201: 使用了非标准扩展: 无名称的结构/联合
  (编译源文件“DbgHook/HookFunc.cpp”)
  
D:\Driver_study\pte-dbg\pte-dbg\DbgHook\KernelDbgStruct.h(686,4): warning C4201: 使用了非标准扩展: 无名称的结构/联合
  (编译源文件“DbgHook/HookFunc.cpp”)
  
D:\Driver_study\pte-dbg\pte-dbg\DbgHook\KernelDbgStruct.h(697,4): warning C4201: 使用了非标准扩展: 无名称的结构/联合
  (编译源文件“DbgHook/HookFunc.cpp”)
  
D:\Driver_study\pte-dbg\pte-dbg\DbgHook\KernelDbgStruct.h(684,3): warning C4201: 使用了非标准扩展: 无名称的结构/联合
  (编译源文件“DbgHook/HookFunc.cpp”)
  
D:\Driver_study\pte-dbg\pte-dbg\DbgHook\KernelDbgStruct.h(903,3): warning C4201: 使用了非标准扩展: 无名称的结构/联合
  (编译源文件“DbgHook/HookFunc.cpp”)
  
D:\Driver_study\pte-dbg\pte-dbg\DbgHook\KernelDbgStruct.h(1048,3): warning C4201: 使用了非标准扩展: 无名称的结构/联合
  (编译源文件“DbgHook/HookFunc.cpp”)
  
D:\Driver_study\pte-dbg\pte-dbg\DbgHook\KernelDbgStruct.h(1058,9): warning C4201: 使用了非标准扩展: 无名称的结构/联合
  (编译源文件“DbgHook/HookFunc.cpp”)
  
D:\Driver_study\pte-dbg\pte-dbg\DbgHook\KernelDbgStruct.h(1120,2): warning C4201: 使用了非标准扩展: 无名称的结构/联合
  (编译源文件“DbgHook/HookFunc.cpp”)
  
D:\Driver_study\pte-dbg\pte-dbg\DbgHook\KernelDbgStruct.h(1142,5): warning C4201: 使用了非标准扩展: 无名称的结构/联合
  (编译源文件“DbgHook/HookFunc.cpp”)
  
D:\Driver_study\pte-dbg\pte-dbg\DbgHook\KernelDbgStruct.h(1134,3): warning C4201: 使用了非标准扩展: 无名称的结构/联合
  (编译源文件“DbgHook/HookFunc.cpp”)
  
D:\Driver_study\pte-dbg\pte-dbg\DbgHook\KernelDbgStruct.h(1150,3): warning C4201: 使用了非标准扩展: 无名称的结构/联合
  (编译源文件“DbgHook/HookFunc.cpp”)
  
D:\Driver_study\pte-dbg\pte-dbg\DbgHook\KernelDbgStruct.h(1307,2): warning C4201: 使用了非标准扩展: 无名称的结构/联合
  (编译源文件“DbgHook/HookFunc.cpp”)
  
D:\Driver_study\pte-dbg\pte-dbg\DbgHook\KernelDbgStruct.h(1316,2): warning C4201: 使用了非标准扩展: 无名称的结构/联合
  (编译源文件“DbgHook/HookFunc.cpp”)
  
D:\Driver_study\pte-dbg\pte-dbg\DbgHook\KernelDbgStruct.h(1324,2): warning C4201: 使用了非标准扩展: 无名称的结构/联合
  (编译源文件“DbgHook/HookFunc.cpp”)
  
D:\Driver_study\pte-dbg\pte-dbg\DbgHook\KernelDbgStruct.h(1379,2): warning C4201: 使用了非标准扩展: 无名称的结构/联合
  (编译源文件“DbgHook/HookFunc.cpp”)
  
D:\Driver_study\pte-dbg\pte-dbg\DbgHook\KernelDbgStruct.h(1396,2): warning C4201: 使用了非标准扩展: 无名称的结构/联合
  (编译源文件“DbgHook/HookFunc.cpp”)
  
D:\Driver_study\pte-dbg\pte-dbg\DbgHook\KernelDbgStruct.h(1422,3): warning C4201: 使用了非标准扩展: 无名称的结构/联合
  (编译源文件“DbgHook/HookFunc.cpp”)
  
D:\Driver_study\pte-dbg\pte-dbg\DbgHook\KernelDbgStruct.h(1471,5): warning C4201: 使用了非标准扩展: 无名称的结构/联合
  (编译源文件“DbgHook/HookFunc.cpp”)
  
D:\Driver_study\pte-dbg\pte-dbg\DbgHook\KernelDbgStruct.h(1494,3): warning C4201: 使用了非标准扩展: 无名称的结构/联合
  (编译源文件“DbgHook/HookFunc.cpp”)
  
D:\Driver_study\pte-dbg\pte-dbg\DbgHook\KernelDbgStruct.h(1512,3): warning C4201: 使用了非标准扩展: 无名称的结构/联合
  (编译源文件“DbgHook/HookFunc.cpp”)
  
D:\Driver_study\pte-dbg\pte-dbg\DbgHook\KernelDbgStruct.h(1541,3): warning C4201: 使用了非标准扩展: 无名称的结构/联合
  (编译源文件“DbgHook/HookFunc.cpp”)
  
D:\Driver_study\pte-dbg\pte-dbg\DbgHook\KernelDbgStruct.h(1564,5): warning C4201: 使用了非标准扩展: 无名称的结构/联合
  (编译源文件“DbgHook/HookFunc.cpp”)
  
D:\Driver_study\pte-dbg\pte-dbg\DbgHook\KernelDbgStruct.h(1554,3): warning C4201: 使用了非标准扩展: 无名称的结构/联合
  (编译源文件“DbgHook/HookFunc.cpp”)
  
D:\Driver_study\pte-dbg\pte-dbg\DbgHook\KernelDbgStruct.h(1717,3): warning C4201: 使用了非标准扩展: 无名称的结构/联合
  (编译源文件“DbgHook/HookFunc.cpp”)
  
D:\Driver_study\pte-dbg\pte-dbg\DbgHook\KernelDbgStruct.h(1917,3): warning C4201: 使用了非标准扩展: 无名称的结构/联合
  (编译源文件“DbgHook/HookFunc.cpp”)
  
D:\Driver_study\pte-dbg\pte-dbg\DbgHook\KernelDbgStruct.h(1990,3): warning C4201: 使用了非标准扩展: 无名称的结构/联合
  (编译源文件“DbgHook/HookFunc.cpp”)
  
D:\Driver_study\pte-dbg\pte-dbg\DbgHook\KernelDbgStruct.h(2264,3): warning C4201: 使用了非标准扩展: 无名称的结构/联合
  (编译源文件“DbgHook/HookFunc.cpp”)
  
D:\Driver_study\pte-dbg\pte-dbg\DbgHook\KernelDbgStruct.h(2282,3): warning C4201: 使用了非标准扩展: 无名称的结构/联合
  (编译源文件“DbgHook/HookFunc.cpp”)
  
D:\Driver_study\pte-dbg\pte-dbg\DbgHook\KernelDbgStruct.h(2367,3): warning C4201: 使用了非标准扩展: 无名称的结构/联合
  (编译源文件“DbgHook/HookFunc.cpp”)
  
D:\Driver_study\pte-dbg\pte-dbg\DbgHook\KernelDbgStruct.h(2392,3): warning C4201: 使用了非标准扩展: 无名称的结构/联合
  (编译源文件“DbgHook/HookFunc.cpp”)
  
D:\Driver_study\pte-dbg\pte-dbg\DbgHook\KernelDbgStruct.h(2475,3): warning C4201: 使用了非标准扩展: 无名称的结构/联合
  (编译源文件“DbgHook/HookFunc.cpp”)
  
D:\Driver_study\pte-dbg\pte-dbg\DbgHook\KernelDbgStruct.h(2497,3): warning C4201: 使用了非标准扩展: 无名称的结构/联合
  (编译源文件“DbgHook/HookFunc.cpp”)
  
D:\Driver_study\pte-dbg\pte-dbg\DbgHook\KernelDbgStruct.h(2634,3): warning C4201: 使用了非标准扩展: 无名称的结构/联合
  (编译源文件“DbgHook/HookFunc.cpp”)
  
D:\Driver_study\pte-dbg\pte-dbg\DbgHook\KernelDbgStruct.h(2669,3): warning C4201: 使用了非标准扩展: 无名称的结构/联合
  (编译源文件“DbgHook/HookFunc.cpp”)
  
D:\Driver_study\pte-dbg\pte-dbg\DbgHook\KernelDbgStruct.h(2793,2): warning C4201: 使用了非标准扩展: 无名称的结构/联合
  (编译源文件“DbgHook/HookFunc.cpp”)
  
D:\Driver_study\pte-dbg\pte-dbg\DbgHook\KernelDbgStruct.h(2802,3): warning C4201: 使用了非标准扩展: 无名称的结构/联合
  (编译源文件“DbgHook/HookFunc.cpp”)
  
D:\Driver_study\pte-dbg\pte-dbg\DbgHook\KernelDbgStruct.h(2855,2): warning C4201: 使用了非标准扩展: 无名称的结构/联合
  (编译源文件“DbgHook/HookFunc.cpp”)
  
D:\Driver_study\pte-dbg\pte-dbg\DbgHook\KernelDbgStruct.h(2865,3): warning C4201: 使用了非标准扩展: 无名称的结构/联合
  (编译源文件“DbgHook/HookFunc.cpp”)
  
D:\Driver_study\pte-dbg\pte-dbg\DbgHook\KernelDbgStruct.h(2870,3): warning C4201: 使用了非标准扩展: 无名称的结构/联合
  (编译源文件“DbgHook/HookFunc.cpp”)
  
D:\Driver_study\pte-dbg\pte-dbg\DbgHook\KernelDbgStruct.h(2897,4): warning C4201: 使用了非标准扩展: 无名称的结构/联合
  (编译源文件“DbgHook/HookFunc.cpp”)
  
D:\Driver_study\pte-dbg\pte-dbg\DbgHook\KernelDbgStruct.h(2939,4): warning C4201: 使用了非标准扩展: 无名称的结构/联合
  (编译源文件“DbgHook/HookFunc.cpp”)
  
D:\Driver_study\pte-dbg\pte-dbg\DbgHook\KernelDbgStruct.h(3017,3): warning C4201: 使用了非标准扩展: 无名称的结构/联合
  (编译源文件“DbgHook/HookFunc.cpp”)
  
D:\Driver_study\pte-dbg\pte-dbg\DbgHook\KernelDbgStruct.h(3139,3): warning C4201: 使用了非标准扩展: 无名称的结构/联合
  (编译源文件“DbgHook/HookFunc.cpp”)
  
D:\Driver_study\pte-dbg\pte-dbg\DbgHook\KernelDbgStruct.h(3180,3): warning C4201: 使用了非标准扩展: 无名称的结构/联合
  (编译源文件“DbgHook/HookFunc.cpp”)
  
D:\Driver_study\pte-dbg\pte-dbg\DbgHook\KernelDbgStruct.h(3408,3): warning C4201: 使用了非标准扩展: 无名称的结构/联合
  (编译源文件“DbgHook/HookFunc.cpp”)
  
D:\Driver_study\pte-dbg\pte-dbg\DbgHook\KernelDbgStruct.h(3446,3): warning C4201: 使用了非标准扩展: 无名称的结构/联合
  (编译源文件“DbgHook/HookFunc.cpp”)
  
D:\Driver_study\pte-dbg\pte-dbg\DbgHook\KernelDbgStruct.h(3479,3): warning C4201: 使用了非标准扩展: 无名称的结构/联合
  (编译源文件“DbgHook/HookFunc.cpp”)
  
D:\Driver_study\pte-dbg\pte-dbg\DbgHook\KernelDbgStruct.h(3790,5): warning C4201: 使用了非标准扩展: 无名称的结构/联合
  (编译源文件“DbgHook/HookFunc.cpp”)
  
D:\Driver_study\pte-dbg\pte-dbg\DbgHook\KernelDbgStruct.h(3877,4): warning C4201: 使用了非标准扩展: 无名称的结构/联合
  (编译源文件“DbgHook/HookFunc.cpp”)
  
D:\Driver_study\pte-dbg\pte-dbg\DbgHook\KernelDbgStruct.h(3922,3): warning C4201: 使用了非标准扩展: 无名称的结构/联合
  (编译源文件“DbgHook/HookFunc.cpp”)
  
D:\Driver_study\pte-dbg\pte-dbg\DbgHook\HookFunc.cpp(68,69): warning C4311: “类型强制转换”: 从“HANDLE”到“ULONG”的指针截断
D:\Driver_study\pte-dbg\pte-dbg\DbgHook\HookFunc.cpp(68,69): warning C4302: “类型强制转换”: 从“HANDLE”到“ULONG”截断
D:\Driver_study\pte-dbg\pte-dbg\DbgHook\HookFunc.cpp(138,50): warning C4996: 'ExAllocatePoolWithTag': ExAllocatePoolWithTag is deprecated, use ExAllocatePool2.
D:\Driver_study\pte-dbg\pte-dbg\DbgHook\HookFunc.cpp(343,18): warning C4101: “IoStatusBlock”: 未引用的局部变量
D:\Driver_study\pte-dbg\pte-dbg\DbgHook\HookFunc.cpp(345,7): warning C4101: “Teb”: 未引用的局部变量
D:\Driver_study\pte-dbg\pte-dbg\DbgHook\HookFunc.cpp(341,11): warning C4101: “Status”: 未引用的局部变量
D:\Driver_study\pte-dbg\pte-dbg\DbgHook\HookFunc.cpp(340,18): warning C4101: “LoadDllArgs”: 未引用的局部变量
D:\Driver_study\pte-dbg\pte-dbg\DbgHook\HookFunc.cpp(339,9): warning C4189: “ProcessId”: 局部变量已初始化但不引用
D:\Driver_study\pte-dbg\pte-dbg\DbgHook\HookFunc.cpp(334,8): warning C4101: “Port”: 未引用的局部变量
D:\Driver_study\pte-dbg\pte-dbg\DbgHook\HookFunc.cpp(342,20): warning C4101: “Obja”: 未引用的局部变量
D:\Driver_study\pte-dbg\pte-dbg\DbgHook\HookFunc.cpp(451,3): warning C4311: “类型强制转换”: 从“HANDLE”到“ULONG”的指针截断
D:\Driver_study\pte-dbg\pte-dbg\DbgHook\HookFunc.cpp(451,3): warning C4302: “类型强制转换”: 从“HANDLE”到“ULONG”截断
D:\Driver_study\pte-dbg\pte-dbg\DbgHook\HookFunc.cpp(490,7): warning C4311: “类型强制转换”: 从“HANDLE”到“ULONG”的指针截断
D:\Driver_study\pte-dbg\pte-dbg\DbgHook\HookFunc.cpp(490,7): warning C4302: “类型强制转换”: 从“HANDLE”到“ULONG”截断
D:\Driver_study\pte-dbg\pte-dbg\DbgHook\HookFunc.cpp(519,7): warning C4311: “类型强制转换”: 从“HANDLE”到“ULONG”的指针截断
D:\Driver_study\pte-dbg\pte-dbg\DbgHook\HookFunc.cpp(519,7): warning C4302: “类型强制转换”: 从“HANDLE”到“ULONG”截断
D:\Driver_study\pte-dbg\pte-dbg\DbgHook\HookFunc.cpp(555,8): warning C4311: “类型强制转换”: 从“HANDLE”到“ULONG”的指针截断
D:\Driver_study\pte-dbg\pte-dbg\DbgHook\HookFunc.cpp(555,8): warning C4302: “类型强制转换”: 从“HANDLE”到“ULONG”截断
D:\Driver_study\pte-dbg\pte-dbg\DbgHook\HookFunc.cpp(556,8): warning C4311: “类型强制转换”: 从“HANDLE”到“ULONG”的指针截断
D:\Driver_study\pte-dbg\pte-dbg\DbgHook\HookFunc.cpp(556,8): warning C4302: “类型强制转换”: 从“HANDLE”到“ULONG”截断
D:\Driver_study\pte-dbg\pte-dbg\DbgHook\HookFunc.cpp(592,5): warning C4311: “类型强制转换”: 从“HANDLE”到“ULONG”的指针截断
D:\Driver_study\pte-dbg\pte-dbg\DbgHook\HookFunc.cpp(592,5): warning C4302: “类型强制转换”: 从“HANDLE”到“ULONG”截断
D:\Driver_study\pte-dbg\pte-dbg\DbgHook\HookFunc.cpp(609,5): warning C4311: “类型强制转换”: 从“HANDLE”到“ULONG”的指针截断
D:\Driver_study\pte-dbg\pte-dbg\DbgHook\HookFunc.cpp(609,5): warning C4302: “类型强制转换”: 从“HANDLE”到“ULONG”截断
D:\Driver_study\pte-dbg\pte-dbg\DbgHook\HookFunc.cpp(645,3): warning C4311: “类型强制转换”: 从“HANDLE”到“ULONG”的指针截断
D:\Driver_study\pte-dbg\pte-dbg\DbgHook\HookFunc.cpp(645,3): warning C4302: “类型强制转换”: 从“HANDLE”到“ULONG”截断
D:\Driver_study\pte-dbg\pte-dbg\DbgHook\HookFunc.cpp(464,30): warning C4996: 'ExAllocatePoolWithQuotaTag': ExAllocatePoolWithQuotaTag is deprecated, use ExAllocatePool2.
D:\Driver_study\pte-dbg\pte-dbg\DbgHook\HookFunc.cpp(657,109): warning C4311: “类型强制转换”: 从“HANDLE”到“ULONG”的指针截断
D:\Driver_study\pte-dbg\pte-dbg\DbgHook\HookFunc.cpp(657,109): warning C4302: “类型强制转换”: 从“HANDLE”到“ULONG”截断
D:\Driver_study\pte-dbg\pte-dbg\DbgHook\HookFunc.cpp(904,70): warning C4311: “类型强制转换”: 从“HANDLE”到“ULONG”的指针截断
D:\Driver_study\pte-dbg\pte-dbg\DbgHook\HookFunc.cpp(904,70): warning C4302: “类型强制转换”: 从“HANDLE”到“ULONG”截断
D:\Driver_study\pte-dbg\pte-dbg\DbgHook\HookFunc.cpp(924,71): warning C4311: “类型强制转换”: 从“HANDLE”到“ULONG”的指针截断
D:\Driver_study\pte-dbg\pte-dbg\DbgHook\HookFunc.cpp(924,71): warning C4302: “类型强制转换”: 从“HANDLE”到“ULONG”截断
  hook_manager.cpp
D:\Program Files\Microsoft Visual Studio\2022\Community\VC\Tools\MSVC\14.44.35207\include\vcruntime.h(61,26): warning C4083: 应输入“)”；找到标识符“_VCRUNTIME_DISABLED_WARNINGS”
  (编译源文件“PteHook/hook_manager.cpp”)
  
D:\Program Files\Microsoft Visual Studio\2022\Community\VC\Tools\MSVC\14.44.35207\include\vcruntime.h(111,9): warning C4005: “_CRT_STRINGIZE”: 宏重定义
  (编译源文件“PteHook/hook_manager.cpp”)
      D:\Windows Kits\10\Include\10.0.26100.0\km\crt\crtdefs.h(85,9):
      参见“_CRT_STRINGIZE”的前一个定义
  
D:\Program Files\Microsoft Visual Studio\2022\Community\VC\Tools\MSVC\14.44.35207\include\vcruntime.h(114,9): warning C4005: “_CRT_WIDE”: 宏重定义
  (编译源文件“PteHook/hook_manager.cpp”)
      D:\Windows Kits\10\Include\10.0.26100.0\km\crt\crtdefs.h(88,9):
      参见“_CRT_WIDE”的前一个定义
  
D:\Program Files\Microsoft Visual Studio\2022\Community\VC\Tools\MSVC\14.44.35207\include\vcruntime.h(155,9): warning C4005: “__CRTDECL”: 宏重定义
  (编译源文件“PteHook/hook_manager.cpp”)
      D:\Windows Kits\10\Include\10.0.26100.0\km\crt\crtdefs.h(640,9):
      参见“__CRTDECL”的前一个定义
  
D:\Program Files\Microsoft Visual Studio\2022\Community\VC\Tools\MSVC\14.44.35207\include\stdint.h(16,26): warning C4083: 应输入“)”；找到标识符“_VCRUNTIME_DISABLED_WARNINGS”
  (编译源文件“PteHook/hook_manager.cpp”)
  
D:\Driver_study\pte-dbg\pte-dbg\PteHook\hook_manager.cpp(16,48): warning C4996: 'ExAllocatePoolWithTag': ExAllocatePoolWithTag is deprecated, use ExAllocatePool2.
  inline_hook.cpp
D:\Program Files\Microsoft Visual Studio\2022\Community\VC\Tools\MSVC\14.44.35207\include\vcruntime.h(61,26): warning C4083: 应输入“)”；找到标识符“_VCRUNTIME_DISABLED_WARNINGS”
  (编译源文件“PteHook/inline_hook.cpp”)
  
D:\Program Files\Microsoft Visual Studio\2022\Community\VC\Tools\MSVC\14.44.35207\include\stdint.h(16,26): warning C4083: 应输入“)”；找到标识符“_VCRUNTIME_DISABLED_WARNINGS”
  (编译源文件“PteHook/inline_hook.cpp”)
  
D:\Windows Kits\10\Include\10.0.26100.0\km\crt\crtdefs.h(85,9): warning C4005: “_CRT_STRINGIZE”: 宏重定义
  (编译源文件“PteHook/inline_hook.cpp”)
      D:\Program Files\Microsoft Visual Studio\2022\Community\VC\Tools\MSVC\14.44.35207\include\vcruntime.h(111,9):
      参见“_CRT_STRINGIZE”的前一个定义
  
D:\Windows Kits\10\Include\10.0.26100.0\km\crt\crtdefs.h(88,9): warning C4005: “_CRT_WIDE”: 宏重定义
  (编译源文件“PteHook/inline_hook.cpp”)
      D:\Program Files\Microsoft Visual Studio\2022\Community\VC\Tools\MSVC\14.44.35207\include\vcruntime.h(114,9):
      参见“_CRT_WIDE”的前一个定义
  
D:\Windows Kits\10\Include\10.0.26100.0\km\crt\crtdefs.h(589,9): warning C4005: “_CONST_RETURN”: 宏重定义
  (编译源文件“PteHook/inline_hook.cpp”)
      D:\Program Files\Microsoft Visual Studio\2022\Community\VC\Tools\MSVC\14.44.35207\include\vcruntime.h(177,17):
      参见“_CONST_RETURN”的前一个定义
  
D:\Windows Kits\10\Include\10.0.26100.0\km\crt\crtdefs.h(640,9): warning C4005: “__CRTDECL”: 宏重定义
  (编译源文件“PteHook/inline_hook.cpp”)
      D:\Program Files\Microsoft Visual Studio\2022\Community\VC\Tools\MSVC\14.44.35207\include\vcruntime.h(155,9):
      参见“__CRTDECL”的前一个定义
  
  pageUtils.cpp
D:\Program Files\Microsoft Visual Studio\2022\Community\VC\Tools\MSVC\14.44.35207\include\vcruntime.h(61,26): warning C4083: 应输入“)”；找到标识符“_VCRUNTIME_DISABLED_WARNINGS”
  (编译源文件“PteHook/pageUtils.cpp”)
  
D:\Program Files\Microsoft Visual Studio\2022\Community\VC\Tools\MSVC\14.44.35207\include\stdint.h(16,26): warning C4083: 应输入“)”；找到标识符“_VCRUNTIME_DISABLED_WARNINGS”
  (编译源文件“PteHook/pageUtils.cpp”)
  
D:\Windows Kits\10\Include\10.0.26100.0\km\crt\crtdefs.h(85,9): warning C4005: “_CRT_STRINGIZE”: 宏重定义
  (编译源文件“PteHook/pageUtils.cpp”)
      D:\Program Files\Microsoft Visual Studio\2022\Community\VC\Tools\MSVC\14.44.35207\include\vcruntime.h(111,9):
      参见“_CRT_STRINGIZE”的前一个定义
  
D:\Windows Kits\10\Include\10.0.26100.0\km\crt\crtdefs.h(88,9): warning C4005: “_CRT_WIDE”: 宏重定义
  (编译源文件“PteHook/pageUtils.cpp”)
      D:\Program Files\Microsoft Visual Studio\2022\Community\VC\Tools\MSVC\14.44.35207\include\vcruntime.h(114,9):
      参见“_CRT_WIDE”的前一个定义
  
D:\Windows Kits\10\Include\10.0.26100.0\km\crt\crtdefs.h(589,9): warning C4005: “_CONST_RETURN”: 宏重定义
  (编译源文件“PteHook/pageUtils.cpp”)
      D:\Program Files\Microsoft Visual Studio\2022\Community\VC\Tools\MSVC\14.44.35207\include\vcruntime.h(177,17):
      参见“_CONST_RETURN”的前一个定义
  
D:\Windows Kits\10\Include\10.0.26100.0\km\crt\crtdefs.h(640,9): warning C4005: “__CRTDECL”: 宏重定义
  (编译源文件“PteHook/pageUtils.cpp”)
      D:\Program Files\Microsoft Visual Studio\2022\Community\VC\Tools\MSVC\14.44.35207\include\vcruntime.h(155,9):
      参见“__CRTDECL”的前一个定义
  
D:\Driver_study\pte-dbg\pte-dbg\PteHook\pageUtils.cpp(26,16): warning C4245: “return”: 从“int”转换到“ULONG64”，有符号/无符号不匹配
D:\Driver_study\pte-dbg\pte-dbg\PteHook\pageUtils.cpp(41,12): warning C4245: “return”: 从“int”转换到“ULONG64”，有符号/无符号不匹配
  ptehook.cpp
D:\Program Files\Microsoft Visual Studio\2022\Community\VC\Tools\MSVC\14.44.35207\include\vcruntime.h(61,26): warning C4083: 应输入“)”；找到标识符“_VCRUNTIME_DISABLED_WARNINGS”
  (编译源文件“PteHook/ptehook.cpp”)
  
D:\Program Files\Microsoft Visual Studio\2022\Community\VC\Tools\MSVC\14.44.35207\include\stdint.h(16,26): warning C4083: 应输入“)”；找到标识符“_VCRUNTIME_DISABLED_WARNINGS”
  (编译源文件“PteHook/ptehook.cpp”)
  
D:\Windows Kits\10\Include\10.0.26100.0\km\crt\crtdefs.h(85,9): warning C4005: “_CRT_STRINGIZE”: 宏重定义
  (编译源文件“PteHook/ptehook.cpp”)
      D:\Program Files\Microsoft Visual Studio\2022\Community\VC\Tools\MSVC\14.44.35207\include\vcruntime.h(111,9):
      参见“_CRT_STRINGIZE”的前一个定义
  
D:\Windows Kits\10\Include\10.0.26100.0\km\crt\crtdefs.h(88,9): warning C4005: “_CRT_WIDE”: 宏重定义
  (编译源文件“PteHook/ptehook.cpp”)
      D:\Program Files\Microsoft Visual Studio\2022\Community\VC\Tools\MSVC\14.44.35207\include\vcruntime.h(114,9):
      参见“_CRT_WIDE”的前一个定义
  
D:\Windows Kits\10\Include\10.0.26100.0\km\crt\crtdefs.h(589,9): warning C4005: “_CONST_RETURN”: 宏重定义
  (编译源文件“PteHook/ptehook.cpp”)
      D:\Program Files\Microsoft Visual Studio\2022\Community\VC\Tools\MSVC\14.44.35207\include\vcruntime.h(177,17):
      参见“_CONST_RETURN”的前一个定义
  
D:\Windows Kits\10\Include\10.0.26100.0\km\crt\crtdefs.h(640,9): warning C4005: “__CRTDECL”: 宏重定义
  (编译源文件“PteHook/ptehook.cpp”)
      D:\Program Files\Microsoft Visual Studio\2022\Community\VC\Tools\MSVC\14.44.35207\include\vcruntime.h(155,9):
      参见“__CRTDECL”的前一个定义
  
D:\Driver_study\pte-dbg\pte-dbg\PteHook\ptehook.cpp(19,11): warning C4189: “status”: 局部变量已初始化但不引用
  hde64.cpp
  正在生成代码...
  pte-dbg.vcxproj -> D:\Driver_study\pte-dbg\pte-dbg\x64\Debug\pte-dbg.sys
  Done Adding Additional Store
  Successfully signed: D:\Driver_study\pte-dbg\pte-dbg\x64\Debug\pte-dbg.sys
  
  Inf2Cat task was skipped as there were no inf files to process
  
  DrvCat task was skipped as there was no catalog file to process
  
